
Collection      : kenya_executive_roundtable
Config entries  : 438
Cache dir       : data/processed
Output dir      : data/chunks_1
Token range     : 100–500
Force re-chunk  : True
Cache files     : 437

  ✓    8 chunks  [tables_only    ]  [txt=0 tbl=8]  finance_08.06.2021_statistical.annex.to.the.budget.statement.for.fy.2021.22.pure.tables  [finance]
  ✓  208 chunks  [narrative      ]  [txt=201 tbl=7]  ict_2007.10.years.report.kictanet  [ict]
  ✓  314 chunks  [narrative      ]  [txt=285 tbl=29]  anticorruption_2012.fatf.recommendations  [anticorruption]
  ✓  270 chunks  [narrative      ]  [txt=269 tbl=1]  president_2015.policy.act  [president]
  ✓   47 chunks  [narrative      ]  [txt=43 tbl=4]  agriculture_2016.agricultural.biotechnology.nairobi.kenya  [agriculture]
  ✓  249 chunks  [audit_findings ]  [txt=184 tbl=65]  anticorruption_2016.annual.report.ppoa  [anticorruption|finance|president]
  ✓   11 chunks  [audit_findings ]  [txt=8 tbl=3]  president_2016.audit.report  [anticorruption|finance|president]
  ✓   80 chunks  [narrative      ]  [txt=62 tbl=18]  president_2016.budget.review.and.outlook.paper  [agriculture|anticorruption|education|finance|ict|infrastructure|president]
  ✓   52 chunks  [narrative      ]  [txt=52 tbl=0]  ict_2016.igf.report  [ict|president]
  ✓   80 chunks  [narrative      ]  [txt=75 tbl=5]  education_2016.strategic.plan.knec.cybersecurity  [education|ict|president]
  ✓   81 chunks  [narrative      ]  [txt=63 tbl=18]  president_2017.budget.review.and.outlook.paper  [agriculture|anticorruption|education|finance|ict|infrastructure|president]
  ✓  326 chunks  [audit_findings ]  [txt=233 tbl=93]  anticorruption_2017.annual.eacc.report  [anticorruption|finance|president]
  ✓  398 chunks  [narrative      ]  [txt=306 tbl=92]  president_2017.annual.report.financial.statements  [president]
  ✓  117 chunks  [audit_findings ]  [txt=110 tbl=7]  president_2017.audit.report  [anticorruption|finance|president]
  ✓  182 chunks  [narrative      ]  [txt=138 tbl=44]  finance_2017.budget.policy.statement  [agriculture|anticorruption|education|finance|ict|infrastructure|president]
  ✓  636 chunks  [hybrid         ]  [txt=359 tbl=277]  finance_2017.economic.survey  [agriculture|anticorruption|education|finance|ict|infrastructure|president]
  ✓   62 chunks  [narrative      ]  [txt=62 tbl=0]  ict_2017.igf.report.10th.kenya.igf  [ict|president]
  ✓   73 chunks  [narrative      ]  [txt=72 tbl=1]  president_2017.state.of.ict.report  [finance|president]
  ✓  105 chunks  [narrative      ]  [txt=81 tbl=24]  agriculture_2017.strategic.plan.ministry.of.agriculture.capacity.building  [agriculture|president]
  ✓  107 chunks  [narrative      ]  [txt=86 tbl=21]  president_2018.budget.review.and.outlook.paper.september.2018  [agriculture|anticorruption|education|finance|ict|infrastructure|president]
  ✓  316 chunks  [audit_findings ]  [txt=207 tbl=109]  anticorruption_2018.2019.annual.report.eacc  [anticorruption|finance|president]
  ✓  297 chunks  [audit_findings ]  [txt=213 tbl=84]  anticorruption_2018.2019.anual.report.ppra  [anticorruption|finance|president]
  ✓  241 chunks  [audit_findings ]  [txt=179 tbl=62]  president_2018.audit.report.book  [anticorruption|finance|president]
  ✓  218 chunks  [narrative      ]  [txt=178 tbl=40]  finance_2018.budget.policy.statement  [agriculture|anticorruption|education|finance|ict|infrastructure|president]
  ✓    5 chunks  [legal          ]  [txt=5 tbl=0]  president_2018.eu.regulation.deforestation  [agriculture|anticorruption|ict|president]
  ✓  686 chunks  [hybrid         ]  [txt=391 tbl=295]  finance_2018.economic.survey  [agriculture|anticorruption|education|finance|ict|infrastructure|president]
  ✓  128 chunks  [narrative      ]  [txt=126 tbl=2]  president_2018.guidelines.wfp.water.management  [agriculture|finance|president]
  ✓   36 chunks  [narrative      ]  [txt=35 tbl=1]  ict_2018.report.kigf.report  [ict|president]
  ✓  199 chunks  [narrative      ]  [txt=159 tbl=40]  agriculture_2018.strategic.plan.moalf  [agriculture|president]
  ✓  868 chunks  [narrative      ]  [txt=731 tbl=137]  president_2018.strategic.plan.nes  [president]
  ✓  264 chunks  [narrative      ]  [txt=211 tbl=53]  finance_2019.budget.policy.statement.creating.jobs.transforming.lives.harnessing.the.big.four.february.2019  [agriculture|anticorruption|education|finance|ict|infrastructure|president]
  ✓  371 chunks  [narrative      ]  [txt=259 tbl=112]  president_2019.annual.report.20.18th.may  [finance|president]
  ✓  398 chunks  [narrative      ]  [txt=341 tbl=57]  president_2019.annual.report.final  [president]
  ✓  163 chunks  [audit_findings ]  [txt=155 tbl=8]  president_2019.audit.report  [anticorruption|finance|president]
  ✓  228 chunks  [narrative      ]  [txt=172 tbl=56]  finance_2019.budget.policy.statement  [agriculture|anticorruption|education|finance|ict|infrastructure|president]
  ✓  103 chunks  [narrative      ]  [txt=69 tbl=34]  president_2019.budget.review.and.outlook.paper.final  [agriculture|anticorruption|education|finance|ict|infrastructure|president]
  ✓    7 chunks  [narrative      ]  [txt=7 tbl=0]  ict_2019.eaigf.audit.report  [ict|president]
  ✓  705 chunks  [hybrid         ]  [txt=406 tbl=299]  finance_2019.economic.survey  [agriculture|anticorruption|education|finance|ict|infrastructure|president]
  ✓  457 chunks  [narrative      ]  [txt=447 tbl=10]  education_2019.framework.kicd.basic.education.curriculum  [education]
  ✓   88 chunks  [narrative      ]  [txt=85 tbl=3]  ict_2019.igf.report  [ict|president]
  ✓  109 chunks  [narrative      ]  [txt=109 tbl=0]  education_2019.policy.knec.revised.national.curriculum.may.9.2019  [education|president]
  ✓  225 chunks  [narrative      ]  [txt=197 tbl=28]  agriculture_2019.strategic.roots.and.tuber.crops.strategy  [agriculture|president]
  ✓  248 chunks  [narrative      ]  [txt=195 tbl=53]  finance_2020.budget.policy.statement  [agriculture|anticorruption|education|finance|ict|infrastructure|president]
  ✓  130 chunks  [narrative      ]  [txt=129 tbl=1]  president_2020.annual.report.huduma.namba  [anticorruption|ict|president]
  ✓  456 chunks  [narrative      ]  [txt=393 tbl=63]  infrastructure_2020.annual.report.ketraco.final.printing.june_26  [infrastructure]
  ✓  825 chunks  [hybrid         ]  [txt=477 tbl=348]  finance_2020.economic.survey  [agriculture|anticorruption|education|finance|ict|infrastructure|president]
  ✓  154 chunks  [narrative      ]  [txt=122 tbl=32]  infrastructure_2020.energy.statistics.report  [finance|infrastructure|president]
  ✓   61 chunks  [narrative      ]  [txt=57 tbl=4]  president_2020.essential.ict.survey  [finance|president]
  ✓   57 chunks  [narrative      ]  [txt=55 tbl=2]  ict_2020.igf.kenya.report  [ict|president]
  ✓   99 chunks  [narrative      ]  [txt=95 tbl=4]  president_2020.magazine.dvs.a.new.dawn  [agriculture]
  ✓  116 chunks  [narrative      ]  [txt=115 tbl=1]  ict_2020.policy.government.national.ict.policy.guidelines  [ict|president]
  ✓    7 chunks  [legal          ]  [txt=7 tbl=0]  president_2020.regulations.amendments  [anticorruption|president]
  SKIP (bad JSON)  : 202021-Annual-Report-EACC.pdf  →  Expecting value: line 1 column 1 (char 0)
  ✓   79 chunks  [narrative      ]  [txt=79 tbl=0]  finance_202021.annual.revenue.performance.final  [finance|president]
  ✓  115 chunks  [narrative      ]  [txt=78 tbl=37]  president_2021.budget.review.and.outlook.paper  [agriculture|anticorruption|education|finance|ict|infrastructure|president]
  ✓  310 chunks  [audit_findings ]  [txt=250 tbl=60]  president_2021.2022.audited.financial.statements  [anticorruption|finance|president]
  ✓  207 chunks  [narrative      ]  [txt=37 tbl=170]  anticorruption_2021.2022.treasury.memorandum.public.accounts.committee.report  [anticorruption|finance|president]
  ✓   81 chunks  [legal          ]  [txt=81 tbl=0]  education_2021.act.knec.data.protection.act  [anticorruption|education|ict|president]
  ✓   24 chunks  [legal          ]  [txt=24 tbl=0]  education_2021.act.knec.education  [anticorruption|education|president]
  ✓  154 chunks  [narrative      ]  [txt=149 tbl=5]  agriculture_2021.annual.report.field.guide.4.human.nutrition.in.resource.management.in.arid.and.semi.arid.zones  [agriculture]
  ✓  287 chunks  [narrative      ]  [txt=258 tbl=29]  infrastructure_2021.annual.report.kpa  [infrastructure]
  ✓   13 chunks  [narrative      ]  [txt=13 tbl=0]  infrastructure_2021.annual.report.kerra.appropriation.in.aid.receipts.on.e.citizen  [infrastructure]
  ✓  355 chunks  [audit_findings ]  [txt=232 tbl=123]  anticorruption_2021.annual.report.ppra  [anticorruption|finance|president]
  ✓  465 chunks  [narrative      ]  [txt=320 tbl=145]  president_2021.annual.report  [president]
  ✓   35 chunks  [narrative      ]  [txt=35 tbl=0]  infrastructure_2021.audit.report.alternative.business.and.partnerships.booklet  [infrastructure]
  ✓   25 chunks  [audit_findings ]  [txt=25 tbl=0]  anticorruption_2021.audit.report.auditor.general  [anticorruption|finance|president]
  ✓  512 chunks  [audit_findings ]  [txt=411 tbl=101]  president_2021.audit.report.changes.accepted  [anticorruption|finance|president]
  ✓    5 chunks  [audit_findings ]  [txt=4 tbl=1]  president_2021.audit.report.charter  [anticorruption|finance|president]
  ✓  317 chunks  [audit_findings ]  [txt=280 tbl=37]  president_2021.audit.report.communication.system  [anticorruption|finance|president]
  ✓   45 chunks  [audit_findings ]  [txt=36 tbl=9]  agriculture_2021.audit.report.crop.conditions  [agriculture|anticorruption|finance|president]
  ✓   17 chunks  [audit_findings ]  [txt=15 tbl=2]  ict_2021.audit.report.digital.rights.kenya.uspr  [anticorruption|finance|ict|president]
  ✓  497 chunks  [narrative      ]  [txt=378 tbl=119]  president_2021.audit.report.esmf  [president]
  ✓  139 chunks  [narrative      ]  [txt=122 tbl=17]  ict_2021.audit.report.ken.digital.readiness.study  [finance|ict|president]
  ✓   11 chunks  [audit_findings ]  [txt=6 tbl=5]  infrastructure_2021.audit.report.pketraco.portfolio  [anticorruption|finance|infrastructure|president]
  ✓  760 chunks  [narrative      ]  [txt=610 tbl=150]  infrastructure_2021.audit.report.pavement.foundation.and.materials.design  [infrastructure]
  ✓    5 chunks  [audit_findings ]  [txt=5 tbl=0]  president_2021.audit.report.safe.web.for.women  [anticorruption|finance|president]
  ✓    2 chunks  [audit_findings ]  [txt=2 tbl=0]  president_2021.audit.report.wamasae.and.others  [anticorruption|finance|president]
  ✓ 2474 chunks  [audit_findings ]  [txt=1869 tbl=605]  president_2021.audit.report  [anticorruption|finance|president]
  ✓   91 chunks  [narrative      ]  [txt=20 tbl=71]  infrastructure_2021.audit.orgenkplc  [infrastructure]
  ✓  118 chunks  [legal          ]  [txt=40 tbl=78]  infrastructure_2021.bill.krc.the.railways  [anticorruption|infrastructure|president]
  ✓  275 chunks  [narrative      ]  [txt=216 tbl=59]  finance_2021.budget.policy.statement  [agriculture|anticorruption|education|finance|ict|infrastructure|president]
  ✓   75 chunks  [legal          ]  [txt=75 tbl=0]  ict_2021.cybercrime.computer.misuse  [anticorruption|ict|president]
  ✓   96 chunks  [narrative      ]  [txt=75 tbl=21]  infrastructure_2021.energyandpetroleum.statistics.report  [finance|infrastructure|president]
  ✓   96 chunks  [narrative      ]  [txt=85 tbl=11]  agriculture_2021.field.guide.pastoral.and.agro.pastoral.production.in.arid.and.semi.arid.zones  [agriculture]
  ✓  199 chunks  [narrative      ]  [txt=198 tbl=1]  president_2021.final.mag.post  [finance|infrastructure]
  ✓  275 chunks  [audit_findings ]  [txt=215 tbl=60]  ict_2021.financial.statements.konza.technopolis.development.authority  [anticorruption|finance|ict]
  ✓   13 chunks  [narrative      ]  [txt=8 tbl=5]  anticorruption_2021.guidelines.bribery.act  [anticorruption]
  ✓   47 chunks  [narrative      ]  [txt=47 tbl=0]  education_2021.igf.knec.youth  [education|ict|president]
  ✓   70 chunks  [narrative      ]  [txt=65 tbl=5]  ict_2021.igf.report  [ict|president]
  ✓  213 chunks  [narrative      ]  [txt=186 tbl=27]  infrastructure_2021.masterplan.ketraco.national.ict.plan  [finance|ict|infrastructure|president]
  ✓   68 chunks  [narrative      ]  [txt=51 tbl=17]  finance_2021.medium.term.debt.manadement.strategy  [agriculture|anticorruption|education|finance|ict|infrastructure|president]
  ✓  160 chunks  [narrative      ]  [txt=146 tbl=14]  agriculture_2021.policy.government.national.agriculture.research.system  [agriculture|president]
  ✓   42 chunks  [narrative      ]  [txt=32 tbl=10]  education_2021.policy.knec.code20of20ethics  [education|president]
  ✓  192 chunks  [narrative      ]  [txt=158 tbl=34]  president_2021.policy.kenya.postharvestmanagementonfoodlossandwastereductionstrategy  [agriculture|finance|president]
  ✓  110 chunks  [narrative      ]  [txt=109 tbl=1]  agriculture_2021.policy.ministry.of.agriculture.national.agricultural.insurance  [agriculture|president]
  ✓  147 chunks  [narrative      ]  [txt=92 tbl=55]  infrastructure_2021.policy.road.safety.audits  [infrastructure]
  ✓   43 chunks  [legal          ]  [txt=42 tbl=1]  president_2021.regulations.draft.for.national.validation  [anticorruption|president]
  ✓   49 chunks  [narrative      ]  [txt=49 tbl=0]  ict_2021.research.impact.of.smart.cities.on.sustainable.urban.development  [ict]
  ✓  146 chunks  [narrative      ]  [txt=117 tbl=29]  education_2021.sr.knec.youth.in.agribusiness.strategy  [agriculture|education|president]
  ✓   47 chunks  [narrative      ]  [txt=36 tbl=11]  finance_2021.tax.expenditure.report  [finance]
  ✓   99 chunks  [narrative      ]  [txt=66 tbl=33]  agriculture_2022.2023.kalro.annual.report  [agriculture]
  ✓  147 chunks  [narrative      ]  [txt=120 tbl=27]  agriculture_2022.23.kalro.annual.report  [agriculture]
  ✓  470 chunks  [audit_findings ]  [txt=322 tbl=148]  anticorruption_2022.annual.eacc.final  [anticorruption|finance|president]
  ✓  313 chunks  [narrative      ]  [txt=244 tbl=69]  infrastructure_2022.annual.kerra.report  [infrastructure]
  ✓   36 chunks  [narrative      ]  [txt=35 tbl=1]  agriculture_2022.annual.report.bri  [agriculture]
  ✓  267 chunks  [narrative      ]  [txt=205 tbl=62]  ict_2022.annual.report.ca  [ict]
  ✓  114 chunks  [narrative      ]  [txt=88 tbl=26]  agriculture_2022.annual.report.gerri  [agriculture]
  ✓  116 chunks  [narrative      ]  [txt=102 tbl=14]  agriculture_2022.annual.report.hri.final  [agriculture]
  ✓   91 chunks  [narrative      ]  [txt=77 tbl=14]  agriculture_2022.annual.report.kalro.dairy.research.institute  [agriculture]
  ✓  261 chunks  [narrative      ]  [txt=187 tbl=74]  agriculture_2022.annual.report.karro.2023  [agriculture]
  ✓  312 chunks  [narrative      ]  [txt=185 tbl=127]  infrastructure_2022.annual.report.knha.2023  [president]
  ✓   10 chunks  [narrative      ]  [txt=7 tbl=3]  infrastructure_2022.annual.report.kplc.summary.of.year  [infrastructure]
  ✓   10 chunks  [narrative      ]  [txt=7 tbl=3]  infrastructure_2022.annual.report.kplc.summary  [infrastructure]
  ✓  761 chunks  [narrative      ]  [txt=571 tbl=190]  infrastructure_2022.annual.report.kplc.supplies  [infrastructure]
  ✓   17 chunks  [narrative      ]  [txt=14 tbl=3]  infrastructure_2022.annual.report.kplc.survey  [infrastructure]
  ✓    9 chunks  [narrative      ]  [txt=6 tbl=3]  infrastructure_2022.annual.report.kplc.sustainability.performance  [infrastructure]
  ✓  356 chunks  [narrative      ]  [txt=275 tbl=81]  infrastructure_2022.annual.report.national.transport.safety.authority  [infrastructure]
  ✓  493 chunks  [narrative      ]  [txt=394 tbl=99]  president_2022.annual.report  [president]
  ✓  371 chunks  [narrative      ]  [txt=282 tbl=89]  agriculture_2022.annualreport.kalro.icri  [agriculture]
  ✓   21 chunks  [narrative      ]  [txt=21 tbl=0]  agriculture_2022.annualreport.kalro  [agriculture]
  ✓  120 chunks  [narrative      ]  [txt=118 tbl=2]  president_2022.anual.report  [president]
  ✓  116 chunks  [audit_findings ]  [txt=115 tbl=1]  president_2022.audit.report.digital.version  [anticorruption|finance|president]
  ✓  354 chunks  [narrative      ]  [txt=281 tbl=73]  agriculture_2022.audit.report.migration.and.invasive.pests.and.weeds.management.strategy  [agriculture|president]
  ✓    2 chunks  [audit_findings ]  [txt=2 tbl=0]  president_2022.audit.report.study.1  [anticorruption|finance|president]
  ✓  269 chunks  [narrative      ]  [txt=187 tbl=82]  finance_2022.budget.policy.statement  [agriculture|anticorruption|education|finance|ict|infrastructure|president]
  ✓  816 chunks  [hybrid         ]  [txt=428 tbl=388]  finance_2022.economic.survey  [agriculture|anticorruption|education|finance|ict|infrastructure|president]
  ✓  180 chunks  [narrative      ]  [txt=147 tbl=33]  infrastructure_2022.energy.and.petroleum.stats.report  [finance|president]
  ✓  251 chunks  [audit_findings ]  [txt=101 tbl=150]  ict_2022.forensic.audit.report.on.national.optic.fibre.backbone.infrastructure.and.ip.based.hipath.4000.network.projects  [anticorruption|finance|ict|president]
  ✓   79 chunks  [narrative      ]  [txt=79 tbl=0]  ict_2022.igf.report  [ict|president]
  ✓   18 chunks  [narrative      ]  [txt=4 tbl=14]  education_2022.kcse.examination.essential.statistics  [education|finance|president]
  ✓  919 chunks  [narrative      ]  [txt=838 tbl=81]  anticorruption_2022.mer.kenya.survey  [anticorruption|finance|president]
  ✓   69 chunks  [narrative      ]  [txt=57 tbl=12]  education_2022.manual.knec.debarment  [anticorruption|education]
  ✓  278 chunks  [narrative      ]  [txt=200 tbl=78]  president_2022.masterplan.ministry.of.ict.kenya.digital  [president]
  ✓   56 chunks  [narrative      ]  [txt=45 tbl=11]  finance_2022.post.election.economic.and.fiscal.report  [agriculture|anticorruption|education|finance|ict|infrastructure|president]
  ✓  159 chunks  [narrative      ]  [txt=135 tbl=24]  agriculture_2022.policy.ministry.of.agriculture.kasep  [agriculture|president]
  ✓  205 chunks  [legal          ]  [txt=171 tbl=34]  anticorruption_2022.policy.publicofficerethicsact.chapter.18.3  [anticorruption|president]
  ✓  171 chunks  [narrative      ]  [txt=109 tbl=62]  agriculture_2022.regulatory.impact.assessment.ministry.of.agriculture  [agriculture]
  ✓  194 chunks  [narrative      ]  [txt=163 tbl=31]  education_2022.strategic.plan.knec.final2  [education|president]
  ✓   61 chunks  [narrative      ]  [txt=50 tbl=11]  finance_2022.tax.expenditure.report  [finance]
  ✓  302 chunks  [audit_findings ]  [txt=241 tbl=61]  president_2023.2024.audit.report  [anticorruption|finance|president]
  ✓  365 chunks  [audit_findings ]  [txt=266 tbl=99]  infrastructure_2023.2024.ketraco.audit.report  [anticorruption|finance|infrastructure|president]
  ✓   45 chunks  [narrative      ]  [txt=23 tbl=22]  agriculture_2023.annual.report.afa.bulletin  [agriculture]
  ✓   54 chunks  [narrative      ]  [txt=38 tbl=16]  agriculture_2023.annual.report.consolidated.summary.report.ncce  [agriculture|president]
  ✓   54 chunks  [narrative      ]  [txt=39 tbl=15]  infrastructure_2023.annual.report.kengen.bess.project  [infrastructure]
  ✓  352 chunks  [narrative      ]  [txt=290 tbl=62]  education_2023.annual.report.knec.2024  [education]
  ✓  195 chunks  [narrative      ]  [txt=150 tbl=45]  education_2023.annual.report.knec.strategic.plan  [education]
  ✓    0 chunks  [narrative      ]  [txt=0 tbl=0]  infrastructure_2023.annual.report.kplc.performance  [infrastructure]
  ✓   11 chunks  [narrative      ]  [txt=8 tbl=3]  infrastructure_2023.annual.report.kplc.summary  [infrastructure]
  ✓   17 chunks  [narrative      ]  [txt=14 tbl=3]  infrastructure_2023.annual.report.kplc.survey  [infrastructure]
  ✓   79 chunks  [narrative      ]  [txt=66 tbl=13]  ict_2023.annual.report.konza.technopolis.strategic.plan  [ict|president]
  ✓   64 chunks  [narrative      ]  [txt=63 tbl=1]  president_2023.annual.report.ncg.newsletter  [president]
  ✓  459 chunks  [audit_findings ]  [txt=326 tbl=133]  president_2023.annual.report.of.activities.and.financial.statements.for.the.fiscal.year.2023.2024.final.report  [anticorruption|finance|president]
  ✓  137 chunks  [audit_findings ]  [txt=111 tbl=26]  president_2023.audit.report.30052024  [anticorruption|finance|president]
  ✓  255 chunks  [audit_findings ]  [txt=189 tbl=66]  president_2023.audit.report.addendum  [anticorruption|finance|president]
  ✓  338 chunks  [audit_findings ]  [txt=264 tbl=74]  agriculture_2023.audit.report.agricultural.finance.corporation  [agriculture|anticorruption|finance|president]
  ✓   44 chunks  [audit_findings ]  [txt=39 tbl=5]  president_2023.audit.report.amended  [anticorruption|finance|president]
  ✓  242 chunks  [audit_findings ]  [txt=85 tbl=157]  education_2023.audit.report.auditor.general.ngcdf  [anticorruption|education|finance|president]
  ✓  138 chunks  [narrative      ]  [txt=117 tbl=21]  ict_2023.audit.report.digitalskillsforafrica  [education|ict]
  ✓  291 chunks  [audit_findings ]  [txt=289 tbl=2]  president_2023.audit.report.draft  [anticorruption|finance|president]
  ✓  116 chunks  [audit_findings ]  [txt=74 tbl=42]  president_2023.audit.report.finaleagricultureandfoodauth  [anticorruption|finance|president]
  ✓  357 chunks  [audit_findings ]  [txt=328 tbl=29]  president_2023.audit.report.full.version  [anticorruption|finance|president]
  ✓   26 chunks  [audit_findings ]  [txt=25 tbl=1]  president_2023.audit.report.ippf  [anticorruption|finance|president]
  ✓    5 chunks  [narrative      ]  [txt=5 tbl=0]  infrastructure_2023.audit.report.intelligent.transport.system  [infrastructure]
  ✓  110 chunks  [audit_findings ]  [txt=94 tbl=16]  president_2023.audit.report.other.traffic.control.devices  [anticorruption|finance|president]
  ✓    1 chunks  [audit_findings ]  [txt=1 tbl=0]  president_2023.audit.report.pku  [anticorruption|finance|president]
  ✓   44 chunks  [audit_findings ]  [txt=38 tbl=6]  president_2023.audit.report  [anticorruption|finance|president]
  ✓    4 chunks  [narrative      ]  [txt=4 tbl=0]  infrastructure_2023.biannual.energy.and.petroleum.statistics.report  [finance|infrastructure|president]
  ✓   20 chunks  [legal          ]  [txt=19 tbl=1]  education_2023.bill.knec.national.addressing  [anticorruption|education|ict|president]
  ✓   28 chunks  [legal          ]  [txt=13 tbl=15]  education_2023.bill.knec.nationaladdressing.report  [anticorruption|education|ict|president]
  ✓  280 chunks  [narrative      ]  [txt=204 tbl=76]  finance_2023.budget.policy.statement  [agriculture|anticorruption|education|finance|ict|infrastructure|president]
  ✓  127 chunks  [narrative      ]  [txt=89 tbl=38]  president_2023.budget.review.and.outlook.paper_f  [agriculture|anticorruption|education|finance|ict|infrastructure|president]
  ✓  137 chunks  [narrative      ]  [txt=117 tbl=20]  education_2023.bulletin.knec.final  [education]
  ✓  204 chunks  [legal          ]  [txt=91 tbl=113]  agriculture_2023.draft.regulations.propagating.seeds  [agriculture|anticorruption|president]
  ✓  827 chunks  [hybrid         ]  [txt=423 tbl=404]  finance_2023.economic.survey  [agriculture|anticorruption|education|finance|ict|infrastructure|president]
  ✓   55 chunks  [narrative      ]  [txt=55 tbl=0]  president_2023.election.observer.report  [anticorruption|president]
  ✓  211 chunks  [narrative      ]  [txt=209 tbl=2]  infrastructure_2023.energy.post.secondedition  [finance|infrastructure|president]
  ✓  476 chunks  [narrative      ]  [txt=337 tbl=139]  agriculture_2023.fsrp.esmf.october.2023  [agriculture|finance|president]
  ✓  303 chunks  [narrative      ]  [txt=221 tbl=82]  agriculture_2023.fsrp.rpf.october  [agriculture|finance|president]
  ✓  128 chunks  [narrative      ]  [txt=103 tbl=25]  agriculture_2023.fsrp.seah.october  [agriculture|finance|president]
  ✓  124 chunks  [narrative      ]  [txt=106 tbl=18]  president_2023.final.srp.monthly.report  [finance|president]
  ✓  164 chunks  [narrative      ]  [txt=119 tbl=45]  president_2023.final.srp.october.2023  [president]
  ✓  203 chunks  [narrative      ]  [txt=177 tbl=26]  president_2023.final.srp.vmgf  [president]
  ✓   29 chunks  [narrative      ]  [txt=29 tbl=0]  infrastructure_2023.guidelines.kerra.national.values.governance  [infrastructure]
  ✓  162 chunks  [narrative      ]  [txt=161 tbl=1]  anticorruption_2023.guidelines.unodc.odpp.prosecution.cec  [anticorruption|president]
  ✓   74 chunks  [narrative      ]  [txt=64 tbl=10]  ict_2023.igf.report  [ict|president]
  ✓   78 chunks  [narrative      ]  [txt=76 tbl=2]  ict_2023.iggf.report  [ict|president]
  ✓  827 chunks  [narrative      ]  [txt=648 tbl=179]  infrastructure_2023.manual.kenha.rdm.1.3.geometric.design  [infrastructure]
  ✓  256 chunks  [narrative      ]  [txt=204 tbl=52]  infrastructure_2023.manual.kenha.rdm.2.1.hydrological.surveys  [infrastructure]
  ✓  760 chunks  [narrative      ]  [txt=668 tbl=92]  infrastructure_2023.manual.kenha.rdm.2.2.drainage.design  [infrastructure]
  ✓  211 chunks  [narrative      ]  [txt=181 tbl=30]  infrastructure_2023.manual.kenha.rdm.3.1.ground.investigations  [infrastructure]
  ✓  372 chunks  [narrative      ]  [txt=287 tbl=85]  infrastructure_2023.manual.kenha.rdm.3.4.flexible.pavement.design  [infrastructure]
  ✓  388 chunks  [narrative      ]  [txt=330 tbl=58]  infrastructure_2023.manual.kenha.rdm.3.5.rigid.pavement.design  [infrastructure]
  ✓ 1449 chunks  [narrative      ]  [txt=1234 tbl=215]  infrastructure_2023.manual.kenha.rdm.4.2.bridge.culvert.design  [infrastructure]
  ✓  646 chunks  [narrative      ]  [txt=555 tbl=91]  infrastructure_2023.manual.kenha.rdm.5.1.pavement.condition.survey  [infrastructure]
  ✓  646 chunks  [narrative      ]  [txt=518 tbl=128]  infrastructure_2023.manual.kenha.rdm.5.2.pavement.maintenance  [infrastructure]
  ✓    3 chunks  [legal          ]  [txt=3 tbl=0]  president_2023.policy.repeal.bill  [anticorruption|president]
  ✓   10 chunks  [legal          ]  [txt=4 tbl=6]  education_2023.regulations.knec.validation.copy  [anticorruption|education|president]
  ✓  114 chunks  [narrative      ]  [txt=92 tbl=22]  infrastructure_2023.statistics.epra  [finance|infrastructure|president]
  ✓  365 chunks  [narrative      ]  [txt=291 tbl=74]  ict_2023.strategic.national.broadband.strategy  [ict|president]
  ✓  215 chunks  [narrative      ]  [txt=135 tbl=80]  infrastructure_2023.strategic.plan.kura.august2024  [infrastructure|president]
  ✓  145 chunks  [narrative      ]  [txt=111 tbl=34]  infrastructure_2023.strategic.plan.kerra  [infrastructure|president]
  ✓  174 chunks  [narrative      ]  [txt=116 tbl=58]  president_2023.strategic.plan.ministry.for.validation.engagement.19.12.2023.1  [president]
  ✓  283 chunks  [narrative      ]  [txt=164 tbl=119]  education_2023.strategic.plan.ministryofeducation.mediumtermexpenditureframework  [education|president]
  ✓  181 chunks  [narrative      ]  [txt=112 tbl=69]  president_2023.strategic.plan.ni  [president]
  ✓  161 chunks  [narrative      ]  [txt=148 tbl=13]  ict_2023.strategic.plan.national.e.commerce.strategy  [ict|president]
  ✓  252 chunks  [narrative      ]  [txt=155 tbl=97]  anticorruption_2023.strategic.plan.odpp  [anticorruption|president]
  ✓   86 chunks  [narrative      ]  [txt=73 tbl=13]  ict_2023.strategic.who.globally.digitalhealth  [education|finance|ict|president]
  ✓   92 chunks  [narrative      ]  [txt=72 tbl=20]  finance_2023.tax.expenditure.report.final  [finance]
  ✓  190 chunks  [narrative      ]  [txt=113 tbl=77]  president_2024.25.survey.gok.kenya.census.of.agriculture.pilot  [finance|president]
  ✓   98 chunks  [narrative      ]  [txt=4 tbl=94]  infrastructure_2024.annual.procurement.plan.kenha.maintenance  [infrastructure]
  ✓  222 chunks  [narrative      ]  [txt=181 tbl=41]  agriculture_2024.annual.report.afa.second.quarter.bulletin  [agriculture]
  ✓   53 chunks  [narrative      ]  [txt=51 tbl=2]  ict_2024.annual.report.kictanet  [ict]
  ✓  913 chunks  [narrative      ]  [txt=750 tbl=163]  infrastructure_2024.annual.report.kengen.integrated.report  [infrastructure]
  ✓  304 chunks  [narrative      ]  [txt=172 tbl=132]  agriculture_2024.annual.report.national.agriculture.production  [agriculture|finance|president]
  ✓  454 chunks  [audit_findings ]  [txt=312 tbl=142]  president_2024.annual.report.of.acivities.and.financial.statements.for.the.fiscal.year.2024.2025.final.version.2.2  [anticorruption|finance|president]
  ✓  121 chunks  [narrative      ]  [txt=98 tbl=23]  infrastructure_2024.annualenergypetroleumstatisticsreport  [finance|infrastructure|president]
  ✓  258 chunks  [audit_findings ]  [txt=190 tbl=68]  president_2024.audit.report  [anticorruption|finance|president]
  ✓  147 chunks  [narrative      ]  [txt=108 tbl=39]  president_2024.budget.review.and.outlook.paper  [agriculture|anticorruption|education|finance|ict|infrastructure|president]
  ✓  938 chunks  [hybrid         ]  [txt=526 tbl=412]  finance_2024.economic.survey  [agriculture|anticorruption|education|finance|ict|infrastructure|president]
  ✓  183 chunks  [narrative      ]  [txt=163 tbl=20]  ict_2024.finaccess.household.survey.report  [finance|ict|president]
  ✓  254 chunks  [audit_findings ]  [txt=197 tbl=57]  ict_2024.financial.statements.auditor.general.konza.technopolis  [anticorruption|finance|ict|president]
  ✓  740 chunks  [narrative      ]  [txt=559 tbl=181]  infrastructure_2024.financial.statements.kenyapower  [infrastructure]
  ✓   93 chunks  [narrative      ]  [txt=84 tbl=9]  ict_2024.igf.report  [ict|president]
  ✓   73 chunks  [narrative      ]  [txt=54 tbl=19]  finance_2024.medium.term.debt.management.strategy.14.2.2024.final  [agriculture|anticorruption|education|finance|ict|infrastructure|president]
  ✓  313 chunks  [narrative      ]  [txt=190 tbl=123]  education_2024.report.ministryofeducation.educationsector  [education|president]
  ✓  137 chunks  [narrative      ]  [txt=107 tbl=30]  infrastructure_2024.strategic.power.sustainability  [infrastructure|president]
  ✓  361 chunks  [narrative      ]  [txt=277 tbl=84]  finance_2025.budget.policy.statement..  [agriculture|anticorruption|education|finance|ict|infrastructure|president]
  ✓  120 chunks  [narrative      ]  [txt=100 tbl=20]  president_2025.2026.biannual.statistics.report  [president]
  ✓  318 chunks  [narrative      ]  [txt=196 tbl=122]  agriculture_2025.agriculture.production.report  [agriculture|finance|president]
  ✓  182 chunks  [narrative      ]  [txt=181 tbl=1]  ict_2025.annual.review.ncsc  [ict]
  ✓   14 chunks  [narrative      ]  [txt=13 tbl=1]  president_2025.audit.report.kenya.ke2025.0001  [president]
  ✓  243 chunks  [audit_findings ]  [txt=165 tbl=78]  president_2025.audit.report.olkalau  [anticorruption|finance|president]
  ✓   27 chunks  [audit_findings ]  [txt=16 tbl=11]  president_2025.audit.report  [anticorruption|finance|president]
  ✓  131 chunks  [narrative      ]  [txt=92 tbl=39]  president_2025.budget.review.and.outlook.paper.1  [agriculture|anticorruption|education|finance|ict|infrastructure|president]
  ✓ 1050 chunks  [hybrid         ]  [txt=602 tbl=448]  finance_2025.economic.survey  [agriculture|anticorruption|education|finance|ict|infrastructure|president]
  ✓   24 chunks  [legal          ]  [txt=15 tbl=9]  infrastructure_2025.general.regulations.knha  [anticorruption|president]
  ✓   64 chunks  [narrative      ]  [txt=64 tbl=0]  president_2025.policy.africa.tech.report  [president]
  ✓    1 chunks  [narrative      ]  [txt=1 tbl=0]  infrastructure_2025.policy.kenya.railways.quality  [infrastructure|president]
  ✓   17 chunks  [hybrid         ]  [txt=14 tbl=3]  president_2025.qualitative.gdp.report  [finance|infrastructure|president]
  ✓   31 chunks  [narrative      ]  [txt=31 tbl=0]  president_2025.report.donor.roundtable.funding.globally  [president]
  ✓  268 chunks  [narrative      ]  [txt=135 tbl=133]  education_2025.report.ministryofeducation.educationsector  [education|president]
  ✓   27 chunks  [narrative      ]  [txt=26 tbl=1]  education_2025.research.report.moe.gpe.results.framework  [education]
  ✓  655 chunks  [narrative      ]  [txt=532 tbl=123]  infrastructure_2025.strengthening.of.kandwia.–.kyuso.rd.and.upgrading.of.kyuso.–.tseikuru.b52.rd.project  [infrastructure]
  ✓  177 chunks  [audit_findings ]  [txt=141 tbl=36]  education_2025.special.audit.report.auditor.general.capitation.grants  [anticorruption|education|finance|president]
  ✓  185 chunks  [narrative      ]  [txt=160 tbl=25]  infrastructure_2025.statistics.report.june.epra  [finance|infrastructure|president]
  ✓   15 chunks  [narrative      ]  [txt=2 tbl=13]  education_2025.statistics.report.knec.kcse.examination  [education|finance|president]
  ✓   45 chunks  [narrative      ]  [txt=13 tbl=32]  education_2025.statistics.report.knec.kjsea.essentials  [education|finance|president]
  ✓  171 chunks  [narrative      ]  [txt=141 tbl=30]  ict_2025.strategy.gok.kenya.ai  [finance|ict|president]
  ✓  619 chunks  [narrative      ]  [txt=520 tbl=99]  infrastructure_2025.upgrading.of.nanyuki.naibor.doldol  [infrastructure]
  ✓   26 chunks  [narrative      ]  [txt=26 tbl=0]  president_2025.weather.forecast.kmd.december  [president]
  ✓   67 chunks  [narrative      ]  [txt=64 tbl=3]  president_2025.weather.forecast.kmd.ond.season  [president]
  ✓  351 chunks  [narrative      ]  [txt=266 tbl=85]  finance_2026.budget.policy.statement  [agriculture|anticorruption|education|finance|ict|infrastructure|president]
  ✓  130 chunks  [narrative      ]  [txt=122 tbl=8]  agriculture_2026.annual.report.national.livestock.agenda_final  [agriculture|president]
  ✓   41 chunks  [narrative      ]  [txt=24 tbl=17]  education_2026.bulletin.knec.dew  [education|finance|president]
  ✓   78 chunks  [narrative      ]  [txt=76 tbl=2]  infrastructure_2026.regulatory.impact.assessment.for.the.kenya.roads.roadside.stations.regulations  [infrastructure|president]
  ✓  151 chunks  [narrative      ]  [txt=131 tbl=20]  president_7th.corporate.plan.fa.online.version.min  [finance|president]
  ✓  146 chunks  [narrative      ]  [txt=98 tbl=48]  finance_annual.public.debt.report.2016.2017  [agriculture|anticorruption|education|finance|ict|infrastructure|president]
  ✓  120 chunks  [narrative      ]  [txt=101 tbl=19]  president_annual.corporate.report.2023.2024  [president]
  ✓  189 chunks  [narrative      ]  [txt=126 tbl=63]  finance_annual.national.government.budget.oct.2017  [finance]
  ✓    9 chunks  [narrative      ]  [txt=9 tbl=0]  finance_annual.revenue.performance.fy.2023.2024..080724  [finance|president]
  ✓    7 chunks  [narrative      ]  [txt=7 tbl=0]  finance_annual.revenue.performance.fy.2024.25.kra.corporate.colours  [finance|president]
  ✓  109 chunks  [legal          ]  [txt=108 tbl=1]  president_act.anticorruption.revised.2016  [anticorruption|president]
  ✓    5 chunks  [legal          ]  [txt=3 tbl=2]  agriculture_animal.disease.act.fees.and.payments  [agriculture|anticorruption|president]
  ✓  210 chunks  [tables_only    ]  [txt=0 tbl=210]  finance_annex.of.state.corporations.revenue.and.expenditure2017.2018.pure.tables  [finance]
  ✓  959 chunks  [narrative      ]  [txt=508 tbl=451]  finance_annual.ngbirr.fy.2024.25.a.1  [anticorruption|finance|president]
  ✓  382 chunks  [narrative      ]  [txt=321 tbl=61]  president_annual.report.2017.2018_0  [president]
  ✓   95 chunks  [narrative      ]  [txt=86 tbl=9]  president_annual.corporate.report.2016.2017  [president]
  ✓   94 chunks  [narrative      ]  [txt=84 tbl=10]  president_annual.corporate.report.2017.2018  [president]
  ✓   83 chunks  [narrative      ]  [txt=68 tbl=15]  president_annual.corporate.report.2018.2019  [president]
  ✓  135 chunks  [narrative      ]  [txt=122 tbl=13]  president_annual.corporate.report.2019.2020  [president]
  ✓  120 chunks  [narrative      ]  [txt=98 tbl=22]  president_annual.corporate.report.2020.2021  [president]
  ✓  117 chunks  [narrative      ]  [txt=91 tbl=26]  president_annual.corporate.report.2021.2022  [president]
  ✓  145 chunks  [narrative      ]  [txt=121 tbl=24]  president_annual.corporate.report.2024.2025  [president]
  ✓  120 chunks  [narrative      ]  [txt=81 tbl=39]  finance_annual.public.debt.report.2018.2019  [agriculture|anticorruption|education|finance|ict|infrastructure|president]
  ✓  101 chunks  [narrative      ]  [txt=60 tbl=41]  finance_annual.public.debt.report.2019.2020  [agriculture|anticorruption|education|finance|ict|infrastructure|president]
  ✓  138 chunks  [narrative      ]  [txt=90 tbl=48]  finance_annual.public.debt.report.2020.2021  [agriculture|anticorruption|education|finance|ict|infrastructure|president]
  ✓  177 chunks  [narrative      ]  [txt=137 tbl=40]  finance_annual.public.debt.report.2022.2023.sept.2023  [agriculture|anticorruption|education|finance|ict|infrastructure|president]
  ✓  139 chunks  [narrative      ]  [txt=109 tbl=30]  finance_annual.public.debt.report.2023.2024  [agriculture|anticorruption|education|finance|ict|infrastructure|president]
  ✓  147 chunks  [narrative      ]  [txt=116 tbl=31]  finance_annual.public.debt.report.2024.2025  [agriculture|anticorruption|education|finance|ict|infrastructure|president]
  ✓  343 chunks  [narrative      ]  [txt=330 tbl=13]  president_annual.report.2016.2017  [president]
  ✓  354 chunks  [narrative      ]  [txt=298 tbl=56]  president_annual.report.2018.2019_0  [president]
  ✓  382 chunks  [narrative      ]  [txt=341 tbl=41]  agriculture_annual.report.fcri.2022.23  [agriculture]
  ✓   10 chunks  [narrative      ]  [txt=10 tbl=0]  agriculture_annual.report.in.situ.water.harvesting.technologies.and.fertilizers  [agriculture]
  ✓  172 chunks  [narrative      ]  [txt=137 tbl=35]  agriculture_annual.report.kephis.kephis  [agriculture]
  ✓  145 chunks  [narrative      ]  [txt=144 tbl=1]  education_annual.report.kesp.2005.2010  [education|president]
  ✓  219 chunks  [narrative      ]  [txt=216 tbl=3]  president_annual.report.kenya.electricity.advisory.board  [president]
  ✓  355 chunks  [audit_findings ]  [txt=231 tbl=124]  anticorruption_annual.report.ppra.2019.2020  [anticorruption|finance|president]
  ✓  394 chunks  [audit_findings ]  [txt=280 tbl=114]  anticorruption_annual.report.ppra.2023.2024  [anticorruption|finance|president]
  ✓  288 chunks  [audit_findings ]  [txt=207 tbl=81]  anticorruption_annual.report.ppra.annual.report  [anticorruption|finance|president]
  ✓  335 chunks  [narrative      ]  [txt=286 tbl=49]  president_annual.report.rdm.traffic.signs  [president]
  ✓  273 chunks  [narrative      ]  [txt=272 tbl=1]  president_annual.report.revised.edition.2016  [president]
  ✓  144 chunks  [narrative      ]  [txt=120 tbl=24]  president_anuall.coprate.report.2022.23.1  [finance|president]
  ✓ 2334 chunks  [audit_findings ]  [txt=2309 tbl=25]  anticorruption_auditor.general.report.on.national.government.for.2022.2023  [anticorruption|finance|president]
  ✓  216 chunks  [audit_findings ]  [txt=125 tbl=91]  finance_auditor.generals.summary.report.on.national.government.2023.2024  [anticorruption|finance|president]
  ✓   61 chunks  [legal          ]  [txt=61 tbl=0]  president_basiceducationact.no.14.of.2013  [anticorruption|president]
  ✓   30 chunks  [narrative      ]  [txt=30 tbl=0]  anticorruption_briberyact_47of2016  [anticorruption]
  ✓  102 chunks  [narrative      ]  [txt=78 tbl=24]  finance_budget.summary.for.the.fy.2021.22  [agriculture|anticorruption|education|finance|ict|infrastructure|president]
  ✓  105 chunks  [narrative      ]  [txt=82 tbl=23]  finance_budget.summary.for.the.fy.2022_23  [agriculture|anticorruption|education|finance|ict|infrastructure|president]
  ✓  106 chunks  [narrative      ]  [txt=80 tbl=26]  finance_budget.summary.for.the.fy.2023_24  [agriculture|anticorruption|education|finance|ict|infrastructure|president]
  ✓  150 chunks  [narrative      ]  [txt=105 tbl=45]  finance_budget.summary.for.the.fy.2024.25  [agriculture|anticorruption|education|finance|ict|infrastructure|president]
  ✓  150 chunks  [narrative      ]  [txt=101 tbl=49]  finance_budget.summary.for.the.fy.2025.26f  [agriculture|anticorruption|education|finance|ict|infrastructure|president]
  ✓  106 chunks  [narrative      ]  [txt=78 tbl=28]  president_bulletin.2016.fisheries  [president]
  ✓  126 chunks  [narrative      ]  [txt=121 tbl=5]  president_cba.age.based.regular.framework  [president]
  ✓   31 chunks  [narrative      ]  [txt=27 tbl=4]  finance_cbk_16th.monetary.policy.committee.report,.april.2016  [finance]
  ✓   35 chunks  [narrative      ]  [txt=33 tbl=2]  finance_cbk_17th.monetary.policy.committee.report,.october.2016  [finance]
  ✓   33 chunks  [narrative      ]  [txt=31 tbl=2]  finance_cbk_18th.monetary.policy.committee.report,.april.2017  [finance]
  ✓   35 chunks  [narrative      ]  [txt=33 tbl=2]  finance_cbk_19th.monetary.policy.committee.report,.october.2017  [finance]
  ✓  451 chunks  [narrative      ]  [txt=353 tbl=98]  finance_cbk_2017.annual.report  [finance]
  ✓  396 chunks  [narrative      ]  [txt=311 tbl=85]  finance_cbk_2018.annual.report  [finance]
  ✓  389 chunks  [narrative      ]  [txt=292 tbl=97]  finance_cbk_2019.annual.report  [finance]
  ✓  412 chunks  [narrative      ]  [txt=310 tbl=102]  finance_cbk_2020.annual.report  [finance]
  ✓  446 chunks  [narrative      ]  [txt=308 tbl=138]  finance_cbk_2022.annual.report  [finance]
  ✓  451 chunks  [narrative      ]  [txt=310 tbl=141]  finance_cbk_2023.annual.report  [finance]
  ✓  471 chunks  [narrative      ]  [txt=327 tbl=144]  finance_cbk_2024.annual.report  [finance]
  ✓  397 chunks  [narrative      ]  [txt=292 tbl=105]  finance_cbk_2025.annual.report  [finance]
  ✓   35 chunks  [narrative      ]  [txt=33 tbl=2]  finance_cbk_20th.monetary.policy.committee.report,.april.2018  [finance]
  ✓   31 chunks  [narrative      ]  [txt=29 tbl=2]  finance_cbk_21st.monetary.policy.committee.report,.october.2018  [finance]
  ✓   31 chunks  [narrative      ]  [txt=29 tbl=2]  finance_cbk_22nd.monetary.policy.committee.report,.april.2019  [finance]
  ✓   29 chunks  [narrative      ]  [txt=27 tbl=2]  finance_cbk_23rd.monetary.policy.committee.report,.october.2019  [finance]
  ✓   44 chunks  [narrative      ]  [txt=42 tbl=2]  finance_cbk_24th.monetary.policy.committee.report,.april.2020  [finance]
  ✓   38 chunks  [narrative      ]  [txt=36 tbl=2]  finance_cbk_25th.monetary.policy.committee.report,.october.2020  [finance]
  ✓   36 chunks  [narrative      ]  [txt=34 tbl=2]  finance_cbk_26thmpc2021  [finance]
  ✓   38 chunks  [narrative      ]  [txt=35 tbl=3]  finance_cbk_28th.bi.annual.report.of.the.mpc.april.2022  [finance]
  ✓   38 chunks  [narrative      ]  [txt=35 tbl=3]  finance_cbk_29th.monetary.policy.committee.report  [finance]
  ✓   37 chunks  [narrative      ]  [txt=34 tbl=3]  finance_cbk_30th.monetary.policy.committee.report,.april.2023  [finance]
  ✓   42 chunks  [narrative      ]  [txt=39 tbl=3]  finance_cbk_31st.mpc.report.october.2023  [finance]
  ✓   38 chunks  [narrative      ]  [txt=35 tbl=3]  finance_cbk_33rd.mpc.report,.october.2024  [finance]
  ✓   46 chunks  [narrative      ]  [txt=43 tbl=3]  finance_cbk_34th  [finance]
  ✓   45 chunks  [narrative      ]  [txt=42 tbl=3]  finance_cbk_35th.mpc.report.october.2025.dec.22.2025  [finance]
  ✓   51 chunks  [narrative      ]  [txt=42 tbl=9]  finance_cbk_43rd.monetary.policy.statement,.december.2018  [finance]
  ✓  405 chunks  [narrative      ]  [txt=309 tbl=96]  finance_cbk_annual.report.2015.16.(book)  [finance]
  ✓  477 chunks  [narrative      ]  [txt=376 tbl=101]  finance_cbk_annual.report.2020.2021  [finance]
  ✓  157 chunks  [narrative      ]  [txt=137 tbl=20]  finance_cbk_fsr.2023_published  [finance]
  ✓  156 chunks  [narrative      ]  [txt=137 tbl=19]  finance_cbk_fsr.2024.sept..final.2025  [finance]
  ✓  122 chunks  [narrative      ]  [txt=102 tbl=20]  finance_cbk_fsr.july.2022_revised.for.printing  [finance]
  ✓  101 chunks  [narrative      ]  [txt=83 tbl=18]  finance_cbk_kenya.financial.sector.stability.report.2016  [finance]
  ✓   84 chunks  [narrative      ]  [txt=63 tbl=21]  finance_cbk_kenya.financial.sector.stability.report.2017  [finance]
  ✓  102 chunks  [narrative      ]  [txt=77 tbl=25]  finance_cbk_kenya.financial.sector.stability.report.2018  [finance]
  ✓  105 chunks  [narrative      ]  [txt=88 tbl=17]  finance_cbk_kenya.financial.sector.stability.report.2020  [finance]
  ✓   46 chunks  [narrative      ]  [txt=43 tbl=3]  finance_cb_32nd.monetary.policy.committee.report,.april.2024  [finance]
  ✓  217 chunks  [narrative      ]  [txt=145 tbl=72]  finance_cnk_2016.annual.report  [finance]
  ✓  169 chunks  [narrative      ]  [txt=99 tbl=70]  agriculture_catalogue.breeds.published.version  [agriculture]
  ✓   97 chunks  [narrative      ]  [txt=77 tbl=20]  president_draft.2020.budget.review.and.outlook.paper_compressed  [agriculture|anticorruption|education|finance|ict|infrastructure|president]
  ✓  114 chunks  [narrative      ]  [txt=91 tbl=23]  president_draft.2022.budget.review.and.outlook.paper  [agriculture|anticorruption|education|finance|ict|infrastructure|president]
  ✓  825 chunks  [hybrid         ]  [txt=467 tbl=358]  finance_economic.survey.2021  [agriculture|anticorruption|education|finance|ict|infrastructure|president]
  ✓   12 chunks  [narrative      ]  [txt=4 tbl=8]  infrastructure_environment.and.social.commitment.plan.escp.for.green.phase.2.project  [infrastructure|president]
  ✓   41 chunks  [tables_only    ]  [txt=0 tbl=41]  finance_estimates.of.revenue.grants.and.loans.for.the.fy.2024.25.budget.pure.tables  [finance]
  ✓   39 chunks  [tables_only    ]  [txt=0 tbl=39]  finance_estimates.of.revenue.grants.and.loans.for.the.fy.2025.26.budget.pure.tables  [finance]
  ✓   39 chunks  [tables_only    ]  [txt=0 tbl=39]  finance_estimates.of.revenuegrants.and.loans.for.fy2022.23.pure.tables  [finance]
  ✓  354 chunks  [narrative      ]  [txt=258 tbl=96]  president_fy.2018.2019.audited.annual.report  [president]
  ✓  415 chunks  [narrative      ]  [txt=315 tbl=100]  president_fy.2019_2020.audited.annual.report  [president]
  ✓  423 chunks  [narrative      ]  [txt=337 tbl=86]  education_fy.2021.2022.audite.knec.annual.report  [education]
  ✓  176 chunks  [narrative      ]  [txt=145 tbl=31]  agriculture_fy.2022.2023.aannual.report.kalro  [agriculture]
  ✓   16 chunks  [narrative      ]  [txt=16 tbl=0]  president_fy.2023.2024.annual.report  [president]
  ✓  161 chunks  [narrative      ]  [txt=136 tbl=25]  infrastructure_fy.2023.2024.energy.and.petroleum.statistics.report  [finance|infrastructure|president]
  ✓  349 chunks  [narrative      ]  [txt=283 tbl=66]  infrastructure_fy.2024.2025.annual.report.kerra  [infrastructure]
  ✓   37 chunks  [narrative      ]  [txt=33 tbl=4]  president_fy.2024.25.report  [president]
  ✓ 2679 chunks  [narrative      ]  [txt=793 tbl=1886]  president_fy.2024.program.based.budget.book  [finance|president]
  ✓  430 chunks  [audit_findings ]  [txt=237 tbl=193]  anticorruption_fy.annual.report.ppra  [anticorruption|finance|president]
  ✓  266 chunks  [narrative      ]  [txt=173 tbl=93]  infrastructure_fy24.annual.kura.report  [infrastructure]
  ✓  147 chunks  [narrative      ]  [txt=143 tbl=4]  agriculture_field.guide.water.harvesting  [agriculture]
  ✓  341 chunks  [narrative      ]  [txt=184 tbl=157]  finance_final.annual.ngbirr.fy.2022.23  [anticorruption|finance|president]
  ✓   43 chunks  [tables_only    ]  [txt=0 tbl=43]  finance_final.estimates.of.revenue.grants.and.loans.fy.2023.24.pure.tables  [finance]
  ✓   17 chunks  [legal          ]  [txt=15 tbl=2]  finance_finance.act.2016  [agriculture|anticorruption|education|finance|ict|infrastructure|president]
  ✓   20 chunks  [legal          ]  [txt=19 tbl=1]  finance_finance.act.2017  [agriculture|anticorruption|education|finance|ict|infrastructure|president]
  ✓   16 chunks  [legal          ]  [txt=15 tbl=1]  finance_finance.act.2019  [agriculture|anticorruption|education|finance|ict|infrastructure|president]
  ✓   15 chunks  [legal          ]  [txt=15 tbl=0]  finance_finance.act.2020  [agriculture|anticorruption|education|finance|ict|infrastructure|president]
  ✓   25 chunks  [legal          ]  [txt=21 tbl=4]  finance_finance.act.2021  [agriculture|anticorruption|education|finance|ict|infrastructure|president]
  ✓   26 chunks  [legal          ]  [txt=24 tbl=2]  president_finance..act.2022  [anticorruption|finance|president]
  ✓   29 chunks  [legal          ]  [txt=28 tbl=1]  president_financeactno10of2018  [agriculture|anticorruption|education|finance|ict|infrastructure|president]
  ✓  281 chunks  [narrative      ]  [txt=139 tbl=142]  finance_first.half.ngbirr.fy.23.24...cob.final.13.3.14  [anticorruption|finance|president]
  ✓  173 chunks  [hybrid         ]  [txt=132 tbl=41]  finance_imf..2018  [agriculture|anticorruption|education|finance|ict|infrastructure|president]
  ✓  307 chunks  [hybrid         ]  [txt=251 tbl=56]  finance_imf.2021  [agriculture|anticorruption|education|finance|ict|infrastructure|president]
  ✓  268 chunks  [hybrid         ]  [txt=224 tbl=44]  finance_imf.2023  [agriculture|anticorruption|education|finance|ict|infrastructure|president]
  ✓  120 chunks  [narrative      ]  [txt=117 tbl=3]  president_invest.kenya.policy.sector.pack  [president]
  ✓   53 chunks  [narrative      ]  [txt=53 tbl=0]  ict_jan.mar2023.kictanet.spotlight.report  [ict]
  ✓  147 chunks  [narrative      ]  [txt=130 tbl=17]  finance_kra.8th.corporate.plan.  [finance]
  ✓  171 chunks  [hybrid         ]  [txt=136 tbl=35]  finance_kenya.economic.update.18.final.world.bank  [agriculture|anticorruption|education|finance|ict|infrastructure|president]
  ✓   72 chunks  [narrative      ]  [txt=28 tbl=44]  infrastructure_kenya.leading.economic.indicators.december.2025  [finance|infrastructure|president]
  ✓   46 chunks  [narrative      ]  [txt=40 tbl=6]  infrastructure_lmp.for.kenya.green.mpa.phase.2.p180465  [infrastructure]
  ✓   92 chunks  [narrative      ]  [txt=70 tbl=22]  finance_medium.term.debt.management.strategy.2017  [agriculture|anticorruption|education|finance|ict|infrastructure|president]
  ✓   80 chunks  [narrative      ]  [txt=57 tbl=23]  finance_medium.term.debt.management.strategy.2018  [agriculture|anticorruption|education|finance|ict|infrastructure|president]
  ✓   53 chunks  [narrative      ]  [txt=40 tbl=13]  finance_medium.term.debt.management.strategy.2019  [agriculture|anticorruption|education|finance|ict|infrastructure|president]
  ✓   66 chunks  [narrative      ]  [txt=51 tbl=15]  finance_medium.term.debt.management.strategy.2020  [agriculture|anticorruption|education|finance|ict|infrastructure|president]
  ✓   70 chunks  [narrative      ]  [txt=50 tbl=20]  finance_medium.term.debt.management.strategy.2022  [agriculture|anticorruption|education|finance|ict|infrastructure|president]
  ✓   85 chunks  [narrative      ]  [txt=61 tbl=24]  finance_medium.term.debt.management.strategy.2023  [agriculture|anticorruption|education|finance|ict|infrastructure|president]
  ✓   55 chunks  [narrative      ]  [txt=38 tbl=17]  finance_medium.term.debt.management.strategy.draft.2025  [agriculture|anticorruption|education|finance|ict|infrastructure|president]
  WARN (no prose)  : Mobile-Payments-Bill-Report.pdf  →  6 table chunks only, 0 text chunks — check texts[] labels in cache file
  ✓    6 chunks  [legal          ]  [txt=0 tbl=6]  ict_mobile.payments.bill.report  [anticorruption|ict|president]
  WARN (no prose)  : Mobile-Payments-Bill.pdf  →  6 table chunks only, 0 text chunks — check texts[] labels in cache file
  ✓    6 chunks  [legal          ]  [txt=0 tbl=6]  ict_mobile.payments.bill  [anticorruption|ict|president]
  ✓  201 chunks  [narrative      ]  [txt=112 tbl=89]  president_national.book.web.1  [anticorruption|finance|president]
  ✓ 2189 chunks  [audit_findings ]  [txt=2113 tbl=76]  finance_national.government.audit.report.2019.2020  [anticorruption|finance|president]
  ✓ 2099 chunks  [audit_findings ]  [txt=1986 tbl=113]  finance_national.government.audit.report.2020.2021  [anticorruption|finance|president]
  ✓  168 chunks  [narrative      ]  [txt=98 tbl=70]  president_national.government.book.2021.feb  [anticorruption|finance|president]
  ✓  167 chunks  [narrative      ]  [txt=100 tbl=67]  finance_national.government.budget.implementation.review.report.first.quarter.fy.2020.21  [anticorruption|finance|president]
  ✓  132 chunks  [narrative      ]  [txt=82 tbl=50]  president_national.government.oct.website.1  [anticorruption|finance|president]
  ✓  132 chunks  [narrative      ]  [txt=82 tbl=50]  president_national.government.oct.website  [anticorruption|finance|president]
  ✓  169 chunks  [narrative      ]  [txt=101 tbl=68]  finance_ng.annual.birr.fy.2019.20  [anticorruption|finance|president]
  ✓  875 chunks  [narrative      ]  [txt=493 tbl=382]  finance_ngbirr.book.report.may.2025.a  [anticorruption|finance|president]
  ✓  285 chunks  [narrative      ]  [txt=135 tbl=150]  finance_ngbirr.first.half.fy.2022.23  [anticorruption|finance|president]
  ✓  372 chunks  [narrative      ]  [txt=167 tbl=205]  finance_ngbirr.final...annual.report.fy.2023.24.1  [anticorruption|finance|president]
  ✓  261 chunks  [narrative      ]  [txt=148 tbl=113]  finance_ngbirr.first.three.months.fy202223  [anticorruption|finance|president]
  ✓  861 chunks  [narrative      ]  [txt=490 tbl=371]  finance_ngbirr.for.first.six.months.of.fy.2024.28.2..25.draft  [anticorruption|finance|president]
  ✓  919 chunks  [narrative      ]  [txt=515 tbl=404]  finance_ngbirr.for.first.six.months.of.fy.2025.26  [anticorruption|finance|president]
  ✓  927 chunks  [narrative      ]  [txt=522 tbl=405]  finance_ngbirr.for.first.three.months.of.fy.2025.26.b  [anticorruption|finance|president]
  ✓  204 chunks  [narrative      ]  [txt=116 tbl=88]  president_national.book.2022.website  [anticorruption|finance|president]
  ✓  183 chunks  [narrative      ]  [txt=100 tbl=83]  president_national.budget.may.2021.web.1  [anticorruption|finance|president]
  ✓  360 chunks  [narrative      ]  [txt=242 tbl=118]  agriculture_national.irrigation.authority.annual.report  [agriculture]
  ✓  138 chunks  [narrative      ]  [txt=89 tbl=49]  president_national.report.book.may.2019.web  [anticorruption|finance|president]
  SKIP (no cache)  : Office of the Controller of Budget;.pdf
  ✓   51 chunks  [narrative      ]  [txt=51 tbl=0]  anticorruption_officeofthedirectorofpublicprosecutions.report.no2.2013  [anticorruption|president]
  ✓  174 chunks  [hybrid         ]  [txt=141 tbl=33]  finance_public.kenyaeconomicupdatefinal.world.bank  [agriculture|anticorruption|education|finance|ict|infrastructure|president]
  ✓   31 chunks  [narrative      ]  [txt=31 tbl=0]  president_q2_2025_spotlight_report  [president]
  ✓  259 chunks  [narrative      ]  [txt=203 tbl=56]  infrastructure_rdm.1.2.traffic.surveys  [infrastructure]
  ✓  193 chunks  [narrative      ]  [txt=114 tbl=79]  president_rdm.annual.report.materials.field.and.laboratory.testing  [president]
  ✓   46 chunks  [narrative      ]  [txt=41 tbl=5]  finance_report.on.the.controller.of.budget.annual.county.governments..budget.implementation.review.for.financial.year.2017.18  [anticorruption|finance|president]
  ✓ 2379 chunks  [audit_findings ]  [txt=2268 tbl=111]  anticorruption_report.of.the.auditor.general.for.the.national.government.2018.2019  [anticorruption|finance|president]
  ✓   39 chunks  [tables_only    ]  [txt=0 tbl=39]  finance_revenue.grants.and.loans.estimates.final.pure.tables  [finance]
  ✓  106 chunks  [narrative      ]  [txt=74 tbl=32]  finance_revenue.performance.report.2018.19  [finance|president]
  ✓   25 chunks  [narrative      ]  [txt=25 tbl=0]  infrastructure_success.stories.kosap.site  [infrastructure]
  ✓  161 chunks  [narrative      ]  [txt=112 tbl=49]  president_summary.report.2019.2020  [anticorruption|finance|president]
  ✓  121 chunks  [audit_findings ]  [txt=64 tbl=57]  finance_summary.report.of.the.auditor.general.on.national.government.2021.2022  [anticorruption|finance|president]
  ✓  273 chunks  [narrative      ]  [txt=185 tbl=88]  president_september.book.2022  [president]
  ✓    9 chunks  [tables_only    ]  [txt=0 tbl=9]  finance_statistical.annex.to.the.budget.speech.2017.2018.pure.tables  [finance]
  ✓    8 chunks  [tables_only    ]  [txt=0 tbl=8]  finance_statistical.annex.to.the.budget.statement.for.fy.2020.21.pure.tables  [finance]
  ✓    8 chunks  [tables_only    ]  [txt=0 tbl=8]  finance_statistical.annex.to.the.budget.statement.for.fy.2025.26.pure.tables  [finance]
  ✓    8 chunks  [tables_only    ]  [txt=0 tbl=8]  finance_statistical.annex.to.the.budget.statement.for.the.fy.2022.23.pure.tables  [finance]
  ✓    8 chunks  [tables_only    ]  [txt=0 tbl=8]  finance_statistical.annex.to.the.budget.statement.for.the.fy.2024.25.pure.tables  [finance]
  ✓   93 chunks  [audit_findings ]  [txt=61 tbl=32]  anticorruption_summary.of.the.report.of.the.auditor.general.on.the.financial.statements.for.national.government.for.the.year.2016.2017  [anticorruption|finance|president]
  ✓   84 chunks  [narrative      ]  [txt=67 tbl=17]  finance_tax.expenditure.report.ter.2024  [finance]
  ✓   94 chunks  [legal          ]  [txt=88 tbl=6]  finance_the.finance.bill.2025  [agriculture|anticorruption|education|finance|ict|infrastructure|president]
  ✓  333 chunks  [narrative      ]  [txt=251 tbl=82]  finance_the.2024.budget.policy.statement  [agriculture|anticorruption|education|finance|ict|infrastructure|president]
  ✓   62 chunks  [narrative      ]  [txt=51 tbl=11]  president_the.9th.corporate.plan  [finance|president]
  ✓   50 chunks  [legal          ]  [txt=44 tbl=6]  finance_the.finance.act..2023  [agriculture|anticorruption|education|finance|ict|infrastructure|president]
  ✓  358 chunks  [legal          ]  [txt=353 tbl=5]  finance_theconstitutionofkenya  [agriculture|anticorruption|education|finance|ict|infrastructure|president]
  ✓   71 chunks  [legal          ]  [txt=54 tbl=17]  president_thefinancebill_2024  [agriculture|anticorruption|education|finance|ict|infrastructure|president]
  ✓  125 chunks  [narrative      ]  [txt=124 tbl=1]  ict_vf.implementation.of.the.ajira.digital.program_report  [ict]
  ✓  110 chunks  [hybrid         ]  [txt=87 tbl=23]  finance_world.bank.2024  [agriculture|anticorruption|education|finance|ict|infrastructure|president]
  ✓  483 chunks  [audit_findings ]  [txt=389 tbl=94]  infrastructure_financialstatements.2019.2020  [anticorruption|finance|infrastructure]

========================================================================
Processed         :  436 documents → 98,840 total chunks
Skipped (exists)  :    0  (use --force to re-chunk)
Skipped (HARD)    :    0  (unresolved in config — fix in inventory)
Skipped (no cache):    1  (not yet parsed by docling)
Skipped (errors)  :    1  (malformed JSON / parse / write errors)
Skipped (collide) :    0  (two slugs mapped to same cache file)

Not yet parsed (run docling on these PDFs):
  - Office of the Controller of Budget;.pdf
========================================================================

Strategy breakdown:
  audit_findings     :  58 docs  →  22,793 chunks
  hybrid             :  16 docs  →   8,528 chunks
  legal              :  30 docs  →   1,755 chunks
  narrative          : 320 docs  →  65,304 chunks
  tables_only        :  12 docs  →     460 chunks

